[dotenv@17.2.3] injecting env (8) from .env -- tip: ­ƒøá´©Å  run anywhere with `dotenvx run -- yourcommand`
Connected to MongoDB
Using Organization: Wedding
Using User: aman@gmail.com
Using Client: Aman Chaurasiya

Ô£à Created Event: QR Check-In Test Wedding
   Event ID: new ObjectId('6954be3746199f8025530122')
   Date: Wed Dec 31 2025
   ­ƒæñ Created Guest: Rajesh Kumar (Expected: 4)
   ­ƒæñ Created Guest: Priya Sharma (Expected: 3)
   ­ƒæñ Created Guest: Amit Verma (Expected: 2)

ÔÅ│ Generating QR codes...
   ­ƒô▒ QR Generated: SAMAROH-530122-F2759C6CBF40
   ­ƒô▒ QR Generated: SAMAROH-530122-29F91716C7AE
   ­ƒô▒ QR Generated: SAMAROH-530122-F58BF482B253

Ô£à Test data created successfully!

­ƒôï Summary:
   Event ID: new ObjectId('6954be3746199f8025530122')
   Guests Created: 3

­ƒöù Test URL:
   http://localhost:5173/events/6954be3746199f8025530122/guests
   http://localhost:5173/events/6954be3746199f8025530122/check-in

­ƒô▒ QR Codes for Testing:
   Rajesh: SAMAROH-530122-F2759C6CBF40
   Priya: SAMAROH-530122-29F91716C7AE
   Amit: SAMAROH-530122-F58BF482B253

Database connection closed.
